// Jest Snapshot v1, https://goo.gl/fbAQLP

exports[`getRow should return a grid row 1`] = `
Object {
  "c_0": "5099309.54",
  "c_1": "22123590.1",
  "headerItemMap": Object {
    "r_0": Object {
      "attributeHeaderItem": Object {
        "name": "CompuSci",
        "uri": "/gdc/md/referenceworkspace/obj/1054/elements?id=165678",
      },
    },
  },
  "r_0": "CompuSci",
}
`;

exports[`getRow should return subtotal row 1`] = `
Object {
  "c_0": "2174478.26",
  "c_1": "883793.08",
  "c_2": "5917286.73",
  "c_3": "2370306.08",
  "c_4": "1989393.54",
  "c_5": "817756.22",
  "c_6": "5501537.16",
  "c_7": "2039952.64",
  "headerItemMap": Object {
    "r_0": Object {
      "attributeHeaderItem": Object {
        "name": "CompuSci",
        "uri": "/gdc/md/referenceworkspace/obj/1054/elements?id=165678",
      },
    },
    "r_1": Object {
      "totalHeaderItem": Object {
        "name": "med",
        "type": "med",
      },
    },
  },
  "r_0": "CompuSci",
  "r_1": "Median",
  "subtotalStyle": undefined,
  "type": "rowSubtotal",
}
`;

exports[`getRowTotals should return total rows 1`] = `
Array [
  Object {
    "c_0": "1813790.98",
    "c_1": "16633475.16",
    "c_10": "667035.74",
    "c_11": "1194979.99",
    "c_12": "10542759.65",
    "c_13": "27767993.8",
    "c_14": "10404537.96",
    "c_15": "32066033.2",
    "c_2": "948454.04",
    "c_3": "3300573.84",
    "c_4": "1268661.8",
    "c_5": "4343400.8",
    "c_6": "1445269.97",
    "c_7": "1161023.49",
    "c_8": "926586.28",
    "c_9": "2140879.84",
    "calculatedForColumns": Array [
      "c_0",
      "c_1",
      "c_2",
      "c_3",
      "c_4",
      "c_5",
      "c_6",
      "c_7",
      "c_8",
      "c_9",
      "c_10",
      "c_11",
      "c_12",
      "c_13",
      "c_14",
      "c_15",
    ],
    "colSpan": Object {
      "count": 2,
      "headerKey": "r_0",
    },
    "r_0": "Sum",
    "type": "rowTotal",
  },
  Object {
    "c_0": "770602.99",
    "c_1": "13387810.63",
    "c_10": "398641.54",
    "c_11": "323372.36",
    "c_12": "2095977.22",
    "c_13": "4410258.72",
    "c_14": "1759859.66",
    "c_15": "6690298.08",
    "c_2": "245096.79",
    "c_3": "1001196.79",
    "c_4": "324710.2",
    "c_5": "1116928.39",
    "c_6": "751477.86",
    "c_7": "389676.45",
    "c_8": "627304.21",
    "c_9": "707188.64",
    "calculatedForColumns": Array [
      "c_0",
      "c_1",
      "c_2",
      "c_3",
      "c_4",
      "c_5",
      "c_6",
      "c_7",
      "c_8",
      "c_9",
      "c_10",
      "c_11",
      "c_12",
      "c_13",
      "c_14",
      "c_15",
    ],
    "colSpan": Object {
      "count": 2,
      "headerKey": "r_0",
    },
    "r_0": "Max",
    "type": "rowTotal",
  },
  Object {
    "c_0": "3601.6",
    "c_1": "14001.6",
    "c_10": "2339.1",
    "c_11": "16714.71",
    "c_12": "136710.01",
    "c_13": "669682.5",
    "c_14": "14990.06",
    "c_15": "485644.88",
    "c_2": "230.3",
    "c_3": "7827.29",
    "c_4": "1988",
    "c_5": "28203.56",
    "c_6": "18000",
    "c_7": "3129.5",
    "c_8": "2735.24",
    "c_9": "3564.9",
    "calculatedForColumns": Array [
      "c_0",
      "c_1",
      "c_2",
      "c_3",
      "c_4",
      "c_5",
      "c_6",
      "c_7",
      "c_8",
      "c_9",
      "c_10",
      "c_11",
      "c_12",
      "c_13",
      "c_14",
      "c_15",
    ],
    "colSpan": Object {
      "count": 2,
      "headerKey": "r_0",
    },
    "r_0": "Min",
    "type": "rowTotal",
  },
  Object {
    "c_0": "1813790.98",
    "c_1": "16633475.16",
    "c_10": "667035.74",
    "c_11": "1194979.99",
    "c_12": "10542759.65",
    "c_13": "27767993.8",
    "c_14": "10404537.96",
    "c_15": "32066033.2",
    "c_2": "948454.04",
    "c_3": "3300573.84",
    "c_4": "1268661.8",
    "c_5": "4343400.8",
    "c_6": "1445269.97",
    "c_7": "1161023.49",
    "c_8": "926586.28",
    "c_9": "2140879.84",
    "calculatedForColumns": Array [
      "c_0",
      "c_1",
      "c_2",
      "c_3",
      "c_4",
      "c_5",
      "c_6",
      "c_7",
      "c_8",
      "c_9",
      "c_10",
      "c_11",
      "c_12",
      "c_13",
      "c_14",
      "c_15",
    ],
    "colSpan": Object {
      "count": 2,
      "headerKey": "r_0",
    },
    "r_0": "Rollup (Total)",
    "type": "rowTotal",
  },
]
`;
